// Jest Snapshot v1, https://goo.gl/fbAQLP

exports[`Header component matches snapshot 1`] = `
<div
  className="header"
>
  <Link
    key="0"
    replace={false}
    to="/test"
  >
    test
  </Link>
   / 
  <a
    className="external"
    href="http://test.example.com"
    key="1"
    rel="noopener noreferrer"
    target="_blank"
  >
    test example
  </a>
</div>
`;
